// Jest Snapshot v1, https://goo.gl/fbAQLP

exports[`movieDisplay component matches snapshot 1`] = `
ShallowWrapper {
  "length": 1,
  Symbol(enzyme.__root__): [Circular],
  Symbol(enzyme.__unrendered__): <MovieDisplay
    addMovies={[Function]}
    favorites={
        Array [
            Object {
              "favoriteId": 1,
            },
          ]
    }
    movies={
        Array [
            Object {
              "movie_id": 4,
              "title": "Spiderman",
            },
            Object {
              "movie_id": 1,
              "title": "Batman",
            },
          ]
    }
    removeFavorite={[Function]}
    user={Object {}}
/>,
  Symbol(enzyme.__renderer__): Object {
    "batchedUpdates": [Function],
    "getNode": [Function],
    "render": [Function],
    "simulateEvent": [Function],
    "unmount": [Function],
  },
  Symbol(enzyme.__node__): Object {
    "instance": null,
    "key": undefined,
    "nodeType": "host",
    "props": Object {
      "children": Array [
        <div
          className="selected-movie"
>
          <div
                    className="pick-movie-text"
          >
                    <p>
                              Select a movie
                    </p>
          </div>
</div>,
        <div
          className="movies-container scroll"
>
          <div
                    className="movie-card"
          >
                    <img
                              alt="Spiderman"
                              className="movie-poster"
                              onClick={[Function]}
                              src="https://image.tmdb.org/t/p/w500undefined"
                    />
                    <NavLink
                              activeClassName="active"
                              ariaCurrent="true"
                              className="nav-favorite"
                              to="/signup"
                    >
                              <button
                                        className="fav-button"
                              >
                                        ☆
                              </button>
                    </NavLink>
          </div>
          <div
                    className="movie-card"
          >
                    <img
                              alt="Batman"
                              className="movie-poster"
                              onClick={[Function]}
                              src="https://image.tmdb.org/t/p/w500undefined"
                    />
                    <NavLink
                              activeClassName="active"
                              ariaCurrent="true"
                              className="nav-favorite"
                              to="/signup"
                    >
                              <button
                                        className="fav-button-selected"
                              >
                                        ★
                              </button>
                    </NavLink>
          </div>
</div>,
      ],
    },
    "ref": null,
    "rendered": Array [
      Object {
        "instance": null,
        "key": undefined,
        "nodeType": "host",
        "props": Object {
          "children": <div
            className="pick-movie-text"
>
            <p>
                        Select a movie
            </p>
</div>,
          "className": "selected-movie",
        },
        "ref": null,
        "rendered": Object {
          "instance": null,
          "key": undefined,
          "nodeType": "host",
          "props": Object {
            "children": <p>
              Select a movie
</p>,
            "className": "pick-movie-text",
          },
          "ref": null,
          "rendered": Object {
            "instance": null,
            "key": undefined,
            "nodeType": "host",
            "props": Object {
              "children": "Select a movie",
            },
            "ref": null,
            "rendered": "Select a movie",
            "type": "p",
          },
          "type": "div",
        },
        "type": "div",
      },
      Object {
        "instance": null,
        "key": undefined,
        "nodeType": "host",
        "props": Object {
          "children": Array [
            <div
              className="movie-card"
>
              <img
                            alt="Spiderman"
                            className="movie-poster"
                            onClick={[Function]}
                            src="https://image.tmdb.org/t/p/w500undefined"
              />
              <NavLink
                            activeClassName="active"
                            ariaCurrent="true"
                            className="nav-favorite"
                            to="/signup"
              >
                            <button
                                          className="fav-button"
                            >
                                          ☆
                            </button>
              </NavLink>
</div>,
            <div
              className="movie-card"
>
              <img
                            alt="Batman"
                            className="movie-poster"
                            onClick={[Function]}
                            src="https://image.tmdb.org/t/p/w500undefined"
              />
              <NavLink
                            activeClassName="active"
                            ariaCurrent="true"
                            className="nav-favorite"
                            to="/signup"
              >
                            <button
                                          className="fav-button-selected"
                            >
                                          ★
                            </button>
              </NavLink>
</div>,
          ],
          "className": "movies-container scroll",
        },
        "ref": null,
        "rendered": Array [
          Object {
            "instance": null,
            "key": "0",
            "nodeType": "host",
            "props": Object {
              "children": Array [
                <img
                  alt="Spiderman"
                  className="movie-poster"
                  onClick={[Function]}
                  src="https://image.tmdb.org/t/p/w500undefined"
/>,
                <NavLink
                  activeClassName="active"
                  ariaCurrent="true"
                  className="nav-favorite"
                  to="/signup"
>
                  <button
                                    className="fav-button"
                  >
                                    ☆
                  </button>
</NavLink>,
              ],
              "className": "movie-card",
            },
            "ref": null,
            "rendered": Array [
              Object {
                "instance": null,
                "key": undefined,
                "nodeType": "host",
                "props": Object {
                  "alt": "Spiderman",
                  "className": "movie-poster",
                  "onClick": [Function],
                  "src": "https://image.tmdb.org/t/p/w500undefined",
                },
                "ref": null,
                "rendered": null,
                "type": "img",
              },
              Object {
                "instance": null,
                "key": undefined,
                "nodeType": "function",
                "props": Object {
                  "activeClassName": "active",
                  "ariaCurrent": "true",
                  "children": <button
                    className="fav-button"
>
                    ☆
</button>,
                  "className": "nav-favorite",
                  "to": "/signup",
                },
                "ref": null,
                "rendered": Object {
                  "instance": null,
                  "key": undefined,
                  "nodeType": "host",
                  "props": Object {
                    "children": "☆",
                    "className": "fav-button",
                  },
                  "ref": null,
                  "rendered": "☆",
                  "type": "button",
                },
                "type": [Function],
              },
            ],
            "type": "div",
          },
          Object {
            "instance": null,
            "key": "1",
            "nodeType": "host",
            "props": Object {
              "children": Array [
                <img
                  alt="Batman"
                  className="movie-poster"
                  onClick={[Function]}
                  src="https://image.tmdb.org/t/p/w500undefined"
/>,
                <NavLink
                  activeClassName="active"
                  ariaCurrent="true"
                  className="nav-favorite"
                  to="/signup"
>
                  <button
                                    className="fav-button-selected"
                  >
                                    ★
                  </button>
</NavLink>,
              ],
              "className": "movie-card",
            },
            "ref": null,
            "rendered": Array [
              Object {
                "instance": null,
                "key": undefined,
                "nodeType": "host",
                "props": Object {
                  "alt": "Batman",
                  "className": "movie-poster",
                  "onClick": [Function],
                  "src": "https://image.tmdb.org/t/p/w500undefined",
                },
                "ref": null,
                "rendered": null,
                "type": "img",
              },
              Object {
                "instance": null,
                "key": undefined,
                "nodeType": "function",
                "props": Object {
                  "activeClassName": "active",
                  "ariaCurrent": "true",
                  "children": <button
                    className="fav-button-selected"
>
                    ★
</button>,
                  "className": "nav-favorite",
                  "to": "/signup",
                },
                "ref": null,
                "rendered": Object {
                  "instance": null,
                  "key": undefined,
                  "nodeType": "host",
                  "props": Object {
                    "children": "★",
                    "className": "fav-button-selected",
                  },
                  "ref": null,
                  "rendered": "★",
                  "type": "button",
                },
                "type": [Function],
              },
            ],
            "type": "div",
          },
        ],
        "type": "div",
      },
    ],
    "type": "div",
  },
  Symbol(enzyme.__nodes__): Array [
    Object {
      "instance": null,
      "key": undefined,
      "nodeType": "host",
      "props": Object {
        "children": Array [
          <div
            className="selected-movie"
>
            <div
                        className="pick-movie-text"
            >
                        <p>
                                    Select a movie
                        </p>
            </div>
</div>,
          <div
            className="movies-container scroll"
>
            <div
                        className="movie-card"
            >
                        <img
                                    alt="Spiderman"
                                    className="movie-poster"
                                    onClick={[Function]}
                                    src="https://image.tmdb.org/t/p/w500undefined"
                        />
                        <NavLink
                                    activeClassName="active"
                                    ariaCurrent="true"
                                    className="nav-favorite"
                                    to="/signup"
                        >
                                    <button
                                                className="fav-button"
                                    >
                                                ☆
                                    </button>
                        </NavLink>
            </div>
            <div
                        className="movie-card"
            >
                        <img
                                    alt="Batman"
                                    className="movie-poster"
                                    onClick={[Function]}
                                    src="https://image.tmdb.org/t/p/w500undefined"
                        />
                        <NavLink
                                    activeClassName="active"
                                    ariaCurrent="true"
                                    className="nav-favorite"
                                    to="/signup"
                        >
                                    <button
                                                className="fav-button-selected"
                                    >
                                                ★
                                    </button>
                        </NavLink>
            </div>
</div>,
        ],
      },
      "ref": null,
      "rendered": Array [
        Object {
          "instance": null,
          "key": undefined,
          "nodeType": "host",
          "props": Object {
            "children": <div
              className="pick-movie-text"
>
              <p>
                            Select a movie
              </p>
</div>,
            "className": "selected-movie",
          },
          "ref": null,
          "rendered": Object {
            "instance": null,
            "key": undefined,
            "nodeType": "host",
            "props": Object {
              "children": <p>
                Select a movie
</p>,
              "className": "pick-movie-text",
            },
            "ref": null,
            "rendered": Object {
              "instance": null,
              "key": undefined,
              "nodeType": "host",
              "props": Object {
                "children": "Select a movie",
              },
              "ref": null,
              "rendered": "Select a movie",
              "type": "p",
            },
            "type": "div",
          },
          "type": "div",
        },
        Object {
          "instance": null,
          "key": undefined,
          "nodeType": "host",
          "props": Object {
            "children": Array [
              <div
                className="movie-card"
>
                <img
                                alt="Spiderman"
                                className="movie-poster"
                                onClick={[Function]}
                                src="https://image.tmdb.org/t/p/w500undefined"
                />
                <NavLink
                                activeClassName="active"
                                ariaCurrent="true"
                                className="nav-favorite"
                                to="/signup"
                >
                                <button
                                                className="fav-button"
                                >
                                                ☆
                                </button>
                </NavLink>
</div>,
              <div
                className="movie-card"
>
                <img
                                alt="Batman"
                                className="movie-poster"
                                onClick={[Function]}
                                src="https://image.tmdb.org/t/p/w500undefined"
                />
                <NavLink
                                activeClassName="active"
                                ariaCurrent="true"
                                className="nav-favorite"
                                to="/signup"
                >
                                <button
                                                className="fav-button-selected"
                                >
                                                ★
                                </button>
                </NavLink>
</div>,
            ],
            "className": "movies-container scroll",
          },
          "ref": null,
          "rendered": Array [
            Object {
              "instance": null,
              "key": "0",
              "nodeType": "host",
              "props": Object {
                "children": Array [
                  <img
                    alt="Spiderman"
                    className="movie-poster"
                    onClick={[Function]}
                    src="https://image.tmdb.org/t/p/w500undefined"
/>,
                  <NavLink
                    activeClassName="active"
                    ariaCurrent="true"
                    className="nav-favorite"
                    to="/signup"
>
                    <button
                                        className="fav-button"
                    >
                                        ☆
                    </button>
</NavLink>,
                ],
                "className": "movie-card",
              },
              "ref": null,
              "rendered": Array [
                Object {
                  "instance": null,
                  "key": undefined,
                  "nodeType": "host",
                  "props": Object {
                    "alt": "Spiderman",
                    "className": "movie-poster",
                    "onClick": [Function],
                    "src": "https://image.tmdb.org/t/p/w500undefined",
                  },
                  "ref": null,
                  "rendered": null,
                  "type": "img",
                },
                Object {
                  "instance": null,
                  "key": undefined,
                  "nodeType": "function",
                  "props": Object {
                    "activeClassName": "active",
                    "ariaCurrent": "true",
                    "children": <button
                      className="fav-button"
>
                      ☆
</button>,
                    "className": "nav-favorite",
                    "to": "/signup",
                  },
                  "ref": null,
                  "rendered": Object {
                    "instance": null,
                    "key": undefined,
                    "nodeType": "host",
                    "props": Object {
                      "children": "☆",
                      "className": "fav-button",
                    },
                    "ref": null,
                    "rendered": "☆",
                    "type": "button",
                  },
                  "type": [Function],
                },
              ],
              "type": "div",
            },
            Object {
              "instance": null,
              "key": "1",
              "nodeType": "host",
              "props": Object {
                "children": Array [
                  <img
                    alt="Batman"
                    className="movie-poster"
                    onClick={[Function]}
                    src="https://image.tmdb.org/t/p/w500undefined"
/>,
                  <NavLink
                    activeClassName="active"
                    ariaCurrent="true"
                    className="nav-favorite"
                    to="/signup"
>
                    <button
                                        className="fav-button-selected"
                    >
                                        ★
                    </button>
</NavLink>,
                ],
                "className": "movie-card",
              },
              "ref": null,
              "rendered": Array [
                Object {
                  "instance": null,
                  "key": undefined,
                  "nodeType": "host",
                  "props": Object {
                    "alt": "Batman",
                    "className": "movie-poster",
                    "onClick": [Function],
                    "src": "https://image.tmdb.org/t/p/w500undefined",
                  },
                  "ref": null,
                  "rendered": null,
                  "type": "img",
                },
                Object {
                  "instance": null,
                  "key": undefined,
                  "nodeType": "function",
                  "props": Object {
                    "activeClassName": "active",
                    "ariaCurrent": "true",
                    "children": <button
                      className="fav-button-selected"
>
                      ★
</button>,
                    "className": "nav-favorite",
                    "to": "/signup",
                  },
                  "ref": null,
                  "rendered": Object {
                    "instance": null,
                    "key": undefined,
                    "nodeType": "host",
                    "props": Object {
                      "children": "★",
                      "className": "fav-button-selected",
                    },
                    "ref": null,
                    "rendered": "★",
                    "type": "button",
                  },
                  "type": [Function],
                },
              ],
              "type": "div",
            },
          ],
          "type": "div",
        },
      ],
      "type": "div",
    },
  ],
  Symbol(enzyme.__options__): Object {
    "adapter": ReactSixteenAdapter {
      "options": Object {
        "enableComponentDidUpdateOnSetState": true,
      },
    },
    "disableLifecycleMethods": true,
  },
}
`;
